// Jest Snapshot v1, https://goo.gl/fbAQLP

exports[`Prueba en componente PrimeraApp Debe de mostrar el mensaje: Hola, soy Ángel 1`] = `
<Fragment>
  <h1>
    Hola, soy Ángel
  </h1>
  <p>
    Soy un subtitulo
  </p>
</Fragment>
`;
