// Jest Snapshot v1, https://goo.gl/fbAQLP

exports[`Pruebas a componente <GifGrid /> Hacer match del componente con el SnapShot 1`] = `
<Fragment>
  <h3
    className="animate__animated animate__fadeInDown"
  >
    Fc Barcelona
  </h3>
  <p
    className="animate__animated animate__flash"
  >
    Loading
  </p>
  <div
    className="card-grid"
  />
</Fragment>
`;
