// Jest Snapshot v1, https://goo.gl/fbAQLP

exports[`Probar componente <RealExampleRef /> Debe de mostrarse correctamente 1`] = `
<div>
  <h1>
    Real example Ref
  </h1>
  <hr />
  <button
    className="btn btn-primary mt-5"
    onClick={[Function]}
  >
    Show/hide
  </button>
</div>
`;
