// Jest Snapshot v1, https://goo.gl/fbAQLP

exports[`Test to <SearchScreen /> should show batman and the input with the value of the queryString 1`] = `
<div>
  <h1>
    Search Screen
  </h1>
  <hr />
  <div
    className="row"
  >
    <div
      className="col-5"
    >
      <h4>
        Search Form
      </h4>
      <hr />
      <form
        onSubmit={[Function]}
      >
        <input
          autoComplete="off"
          className="form-control"
          name="search"
          onChange={[Function]}
          placeholder="Find your hero"
          type="text"
          value="batman"
        />
        <button
          className="btn m-1 btn-block btn-outline-primary"
          type="submit"
        >
          Search...
        </button>
      </form>
    </div>
    <div
      className="col-7"
    >
      <h4>
        Results
      </h4>
      <hr />
      <div
        className="card"
      >
        <img
          alt="Batman"
          className="card-img-top"
          src="./assets/heroes/dc-batman.jpg"
        />
        <div
          className="card-body"
        >
          <h5
            className="card-title"
          >
            Batman
          </h5>
          <h6
            className="card-subtitle mb-2 text-muted"
          >
            Bruce Wayne
          </h6>
          <p
            className="card-text"
          >
            Detective Comics #27
          </p>
          <p
            className="card-text"
          >
            <small
              className="text-muted"
            >
              DC Comics
            </small>
          </p>
          <a
            href="/hero/dc-batman"
            onClick={[Function]}
          >
            Ver m√°s...
          </a>
        </div>
      </div>
    </div>
  </div>
</div>
`;

exports[`Test to <SearchScreen /> should show correctly with default values 1`] = `
<div>
  <h1>
    Search Screen
  </h1>
  <hr />
  <div
    className="row"
  >
    <div
      className="col-5"
    >
      <h4>
        Search Form
      </h4>
      <hr />
      <form
        onSubmit={[Function]}
      >
        <input
          autoComplete="off"
          className="form-control"
          name="search"
          onChange={[Function]}
          placeholder="Find your hero"
          type="text"
          value=""
        />
        <button
          className="btn m-1 btn-block btn-outline-primary"
          type="submit"
        >
          Search...
        </button>
      </form>
    </div>
    <div
      className="col-7"
    >
      <h4>
        Results
      </h4>
      <hr />
      <div
        className="alert alert-info"
      >
        Search a hero
      </div>
    </div>
  </div>
</div>
`;

exports[`Test to <SearchScreen /> should show error if super hero doesnt exist 1`] = `
<div>
  <h1>
    Search Screen
  </h1>
  <hr />
  <div
    className="row"
  >
    <div
      className="col-5"
    >
      <h4>
        Search Form
      </h4>
      <hr />
      <form
        onSubmit={[Function]}
      >
        <input
          autoComplete="off"
          className="form-control"
          name="search"
          onChange={[Function]}
          placeholder="Find your hero"
          type="text"
          value="raulo"
        />
        <button
          className="btn m-1 btn-block btn-outline-primary"
          type="submit"
        >
          Search...
        </button>
      </form>
    </div>
    <div
      className="col-7"
    >
      <h4>
        Results
      </h4>
      <hr />
      <div
        className="alert alert-danger"
      >
        Couldn't find any 
        raulo
         hero!
      </div>
    </div>
  </div>
</div>
`;
