// Jest Snapshot v1, https://goo.gl/fbAQLP

exports[`Pruebas componente <TodoAdd /> debe de mostrarse correctamente  1`] = `
<Fragment>
  <h4>
    Agregar Todo
  </h4>
  <hr />
  <form
    onSubmit={[Function]}
  >
    <input
      autoComplete="off"
      className="form-control"
      name="description"
      onChange={[Function]}
      placeholder="Aprender..."
      type="text"
      value=""
    />
    <button
      className="btn btn-block btn-outline-primary mt-2"
      type="submit"
    >
      Agregar
    </button>
  </form>
</Fragment>
`;
